// Jest Snapshot v1, https://goo.gl/fbAQLP

exports[`AddTodo renders correctly 1`] = `
ShallowWrapper {
  Symbol(enzyme.__root__): [Circular],
  Symbol(enzyme.__unrendered__): <AddTodo
    addTodo={[MockFunction]}
    todo={
      Object {
        "text": "Learn unit testing",
      }
    }
  />,
  Symbol(enzyme.__renderer__): Object {
    "batchedUpdates": [Function],
    "checkPropTypes": [Function],
    "getNode": [Function],
    "render": [Function],
    "simulateError": [Function],
    "simulateEvent": [Function],
    "unmount": [Function],
  },
  Symbol(enzyme.__node__): Object {
    "instance": null,
    "key": undefined,
    "nodeType": "host",
    "props": Object {
      "children": <div
        className="input-group d-flex pr-0 pl-0 justify-content-between"
      >
        <input
          className="form-control mr-4"
          onChange={[Function]}
          type="text"
          value=""
        />
        <button
          className="btn btn-success"
          onClick={[Function]}
          type="submit"
        >
          Add Todo
        </button>
      </div>,
      "className": "add-todo-wrapper",
    },
    "ref": null,
    "rendered": Object {
      "instance": null,
      "key": undefined,
      "nodeType": "host",
      "props": Object {
        "children": Array [
          <input
            className="form-control mr-4"
            onChange={[Function]}
            type="text"
            value=""
          />,
          <button
            className="btn btn-success"
            onClick={[Function]}
            type="submit"
          >
            Add Todo
          </button>,
        ],
        "className": "input-group d-flex pr-0 pl-0 justify-content-between",
      },
      "ref": null,
      "rendered": Array [
        Object {
          "instance": null,
          "key": undefined,
          "nodeType": "host",
          "props": Object {
            "className": "form-control mr-4",
            "onChange": [Function],
            "type": "text",
            "value": "",
          },
          "ref": null,
          "rendered": null,
          "type": "input",
        },
        Object {
          "instance": null,
          "key": undefined,
          "nodeType": "host",
          "props": Object {
            "children": "Add Todo",
            "className": "btn btn-success",
            "onClick": [Function],
            "type": "submit",
          },
          "ref": null,
          "rendered": "Add Todo",
          "type": "button",
        },
      ],
      "type": "div",
    },
    "type": "div",
  },
  Symbol(enzyme.__nodes__): Array [
    Object {
      "instance": null,
      "key": undefined,
      "nodeType": "host",
      "props": Object {
        "children": <div
          className="input-group d-flex pr-0 pl-0 justify-content-between"
        >
          <input
            className="form-control mr-4"
            onChange={[Function]}
            type="text"
            value=""
          />
          <button
            className="btn btn-success"
            onClick={[Function]}
            type="submit"
          >
            Add Todo
          </button>
        </div>,
        "className": "add-todo-wrapper",
      },
      "ref": null,
      "rendered": Object {
        "instance": null,
        "key": undefined,
        "nodeType": "host",
        "props": Object {
          "children": Array [
            <input
              className="form-control mr-4"
              onChange={[Function]}
              type="text"
              value=""
            />,
            <button
              className="btn btn-success"
              onClick={[Function]}
              type="submit"
            >
              Add Todo
            </button>,
          ],
          "className": "input-group d-flex pr-0 pl-0 justify-content-between",
        },
        "ref": null,
        "rendered": Array [
          Object {
            "instance": null,
            "key": undefined,
            "nodeType": "host",
            "props": Object {
              "className": "form-control mr-4",
              "onChange": [Function],
              "type": "text",
              "value": "",
            },
            "ref": null,
            "rendered": null,
            "type": "input",
          },
          Object {
            "instance": null,
            "key": undefined,
            "nodeType": "host",
            "props": Object {
              "children": "Add Todo",
              "className": "btn btn-success",
              "onClick": [Function],
              "type": "submit",
            },
            "ref": null,
            "rendered": "Add Todo",
            "type": "button",
          },
        ],
        "type": "div",
      },
      "type": "div",
    },
  ],
  Symbol(enzyme.__options__): Object {
    "adapter": ReactSixteenAdapter {
      "options": Object {
        "enableComponentDidUpdateOnSetState": true,
        "legacyContextMode": "parent",
        "lifecycles": Object {
          "componentDidUpdate": Object {
            "onSetState": true,
          },
          "getChildContext": Object {
            "calledByRenderer": false,
          },
          "getDerivedStateFromProps": Object {
            "hasShouldComponentUpdateBug": false,
          },
          "getSnapshotBeforeUpdate": true,
          "setState": Object {
            "skipsComponentDidUpdateOnNullish": true,
          },
        },
      },
    },
  },
  Symbol(enzyme.__childContext__): null,
}
`;
